[2025-12-24 14:27:10,308:main.py#L25:INFO]: ====================================================================================================
[2025-12-24 14:27:10,308:main.py#L26:INFO]: E2ETune: End-to-End Database Tuning System
[2025-12-24 14:27:10,308:main.py#L27:INFO]: ====================================================================================================
[2025-12-24 14:27:10,308:main.py#L28:INFO]: Configuration file: config/config.ini
[2025-12-24 14:27:10,308:main.py#L29:INFO]: Host: localhost
[2025-12-24 14:27:10,308:main.py#L30:INFO]: Database: imdb
[2025-12-24 14:27:10,308:main.py#L31:INFO]: Data Path: /var/lib/postgresql/12/main
[2025-12-24 14:27:10,308:main.py#L32:INFO]: Benchmark: job
[2025-12-24 14:27:10,308:main.py#L33:INFO]: Workload Path: ./olap_workloads/
[2025-12-24 14:27:10,308:main.py#L34:INFO]: ====================================================================================================
[2025-12-24 14:27:10,311:main.py#L49:INFO]: Found 244 workloads matching prefix 'job'
[2025-12-24 14:27:10,311:main.py#L63:INFO]: Processing first 13 of 244 workloads
[2025-12-24 14:27:10,311:main.py#L82:INFO]: ----------------------------------------------------------------------------------------------------
[2025-12-24 14:27:10,311:main.py#L83:INFO]: [Workload 1/13] Starting tuning for: job_0.wg
[2025-12-24 14:27:10,311:main.py#L84:INFO]: ----------------------------------------------------------------------------------------------------
[2025-12-24 14:27:22,376:main.py#L93:ERROR]: [Workload 1/13] Error tuning job_0.wg: Could not establish database connection after 4 attempts and auto.conf removal: connection to server at "localhost" (::1), port 5432 failed: Connection refused
	Is the server running on that host and accepting TCP/IP connections?
connection to server at "localhost" (127.0.0.1), port 5432 failed: Connection refused
	Is the server running on that host and accepting TCP/IP connections?
Traceback (most recent call last):
  File "/home/E2ETune-AI4DB/Database.py", line 58, in get_conn
    conn = psycopg2.connect(
  File "/home/E2ETune-AI4DB/venv/lib/python3.10/site-packages/psycopg2/__init__.py", line 122, in connect
    conn = _connect(dsn, connection_factory=connection_factory, **kwasync)
psycopg2.OperationalError: connection to server at "localhost" (::1), port 5432 failed: Connection refused
	Is the server running on that host and accepting TCP/IP connections?
connection to server at "localhost" (127.0.0.1), port 5432 failed: Connection refused
	Is the server running on that host and accepting TCP/IP connections?


The above exception was the direct cause of the following exception:

Traceback (most recent call last):
  File "/home/E2ETune-AI4DB/./main.py", line 86, in <module>
    run_tuning(args, False)
  File "/home/E2ETune-AI4DB/tuner.py", line 41, in run_tuning
    internal_metrics = default_run(workload_file, args)
  File "/home/E2ETune-AI4DB/tuner.py", line 67, in default_run
    db.reset_inner_metrics()
  File "/home/E2ETune-AI4DB/Database.py", line 173, in reset_inner_metrics
    conn = self.get_conn()
  File "/home/E2ETune-AI4DB/Database.py", line 94, in get_conn
    raise Exception(
Exception: Could not establish database connection after 4 attempts and auto.conf removal: connection to server at "localhost" (::1), port 5432 failed: Connection refused
	Is the server running on that host and accepting TCP/IP connections?
connection to server at "localhost" (127.0.0.1), port 5432 failed: Connection refused
	Is the server running on that host and accepting TCP/IP connections?

[2025-12-24 14:27:22,378:main.py#L97:ERROR]: Stopping due to error (large workload set)
[2025-12-24 14:27:22,378:main.py#L104:INFO]: ====================================================================================================
[2025-12-24 14:27:22,378:main.py#L105:INFO]: TUNING SUMMARY
[2025-12-24 14:27:22,378:main.py#L106:INFO]: ====================================================================================================
[2025-12-24 14:27:22,378:main.py#L107:INFO]: Total workloads processed: 13
[2025-12-24 14:27:22,378:main.py#L108:INFO]: Successfully tuned: 0
[2025-12-24 14:27:22,379:main.py#L109:INFO]: Skipped (already completed): 0
[2025-12-24 14:27:22,379:main.py#L110:INFO]: Failed: 1
[2025-12-24 14:27:22,379:main.py#L111:INFO]: ====================================================================================================
[2025-12-24 14:27:22,379:main.py#L112:INFO]: E2ETune session completed
[2025-12-24 14:27:22,379:main.py#L113:INFO]: ====================================================================================================
